[truwellmn.com/index.html]
[backblue.gif]
[fade.gif]
[index.html]
[truwellmn.com/wp-content/uploads/2022/08/hh2.jpg]
[truwellmn.com/comments/feed/index.html]
[truwellmn.com/feed/index.html]
[truwellmn.com/home/feed/index.html]
[truwellmn.com/wp-includes/js/jquery/jquery.min5aed.js]
[truwellmn.com/wp-includes/js/jquery/jquery-migrate.min6b00.js]
[truwellmn.com/wp-content/plugins/elementor/assets/lib/font-awesome/js/v4-shims.mina1c3.js]
[truwellmn.com/wp-json/wp/v2/pages/2.json]
[truwellmn.com/wp-json/index.html]
[truwellmn.com/xmlrpc0db0.php]
[truwellmn.com/wp-json/oembed/1.0/embed3535.json]
[truwellmn.com/wp-json/oembed/1.0/embed1bd4]
[truwellmn.com/wp-content/uploads/2022/07/cropped-Asset-3-8-copy-32x32.png]
[truwellmn.com/wp-content/uploads/2022/07/cropped-Asset-3-8-copy-192x192.png]
[truwellmn.com/wp-content/uploads/2022/07/cropped-Asset-3-8-copy-180x180.png]
[truwellmn.com/wp-content/uploads/2022/07/Asset-12.png]
[truwellmn.com/wp-content/uploads/2022/07/Asset-3-8.png]
[truwellmn.com/services/index.html]
[truwellmn.com/wp-content/uploads/elementor/thumbs/hh2-pstqubfej43y3refzhllz6ykzsi96cxj6ilka6buy8.jpg]
[truwellmn.com/about-us/index.html]
[truwellmn.com/personal-care-assistance-services/index.html]
[truwellmn.com/housing-stabilization-services/index.html]
[truwellmn.com/home-community-based-services/index.html]
[truwellmn.com/wp-content/uploads/elementor/thumbs/hh3-pstqx08s31shblhta5g6m0j26h9276lvvtskpocb5c.webp]
[truwellmn.com/contact-us/index.html]
[truwellmn.com/refer-client/index.html]
[truwellmn.com/wp-content/uploads/elementor/thumbs/hh1-1-pstqnz0medf9qim818v9nalkn5s27wqrb42knxqiy8.jpg]
[truwellmn.com/wp-content/uploads/2022/07/Asset-12-1024x208.png]
[truwellmn.com/wp-content/themes/hello-elementor/assets/js/hello-frontend.min8a54.js]
[truwellmn.com/wp-content/plugins/elementskit-lite/libs/framework/assets/js/frontend-script292d.js]
[truwellmn.com/wp-content/plugins/elementskit-lite/widgets/init/assets/js/widget-scripts292d.js]
[truwellmn.com/privacy-policy/index.html]
[truwellmn.com/wp-content/plugins/elementor-pro/assets/js/webpack-pro.runtime.mina1c3.js]
[truwellmn.com/wp-content/plugins/elementor/assets/js/webpack.runtime.mina1c3.js]
[truwellmn.com/wp-content/plugins/elementor/assets/js/frontend-modules.mina1c3.js]
[truwellmn.com/wp-includes/js/dist/vendor/wp-polyfill-inert.min0226.js]
[truwellmn.com/wp-includes/js/dist/vendor/regenerator-runtime.min8fa4.js]
[truwellmn.com/wp-includes/js/dist/vendor/wp-polyfill.min2c7c.js]
[truwellmn.com/wp-includes/js/dist/hooks.min6c65.js]
[truwellmn.com/wp-includes/js/dist/i18n.mine57b.js]
[truwellmn.com/wp-content/plugins/elementor-pro/assets/js/frontend.mina1c3.js]
[truwellmn.com/wp-content/plugins/elementor/assets/lib/waypoints/waypoints.min05da.js]
[truwellmn.com/wp-includes/js/jquery/ui/core.min3f14.js]
[truwellmn.com/wp-content/plugins/elementor/assets/js/frontend.mina1c3.js]
[truwellmn.com/wp-content/plugins/elementor-pro/assets/js/elements-handlers.mina1c3.js]
[truwellmn.com/wp-content/plugins/elementskit-lite/widgets/init/assets/js/animate-circle292d.js]
[truwellmn.com/wp-content/plugins/elementskit-lite/widgets/init/assets/js/elementor292d.js]
[truwellmn.com/index.html]
[truwellmn.com/wp-includes/css/dist/block-library/style.min3781.css]
[truwellmn.com/wp-includes/css/classic-themes.min3781.css]
[truwellmn.com/wp-content/themes/hello-elementor/style.min653d.css]
[truwellmn.com/wp-content/themes/hello-elementor/theme.min653d.css]
[truwellmn.com/wp-content/plugins/elementor/assets/css/frontend-lite.mina1c3.css]
[truwellmn.com/wp-content/uploads/elementor/css/post-89ff4.css]
[truwellmn.com/wp-content/plugins/bluehost-wordpress-plugin/vendor/newfold-labs/wp-module-patterns/assets/styles/utilitiesc5da.css]
[truwellmn.com/wp-content/plugins/elementor/assets/lib/eicons/fonts/eiconsb732.eot]
[truwellmn.com/wp-content/plugins/elementor/assets/lib/eicons/fonts/eiconsb732.woff2]
[truwellmn.com/wp-content/plugins/elementor/assets/lib/eicons/fonts/eiconsb732.woff]
[truwellmn.com/wp-content/plugins/elementor/assets/lib/eicons/fonts/eiconsb732.ttf]
[truwellmn.com/wp-content/plugins/elementor/assets/lib/eicons/css/elementor-icons.minfc13.css]
[truwellmn.com/wp-content/plugins/elementor/assets/lib/swiper/css/swiper.min48f5.css]
[truwellmn.com/wp-content/plugins/elementor-pro/assets/css/frontend-lite.mina1c3.css]
[truwellmn.com/wp-content/uploads/elementor/css/post-23d1c.css]
[truwellmn.com/wp-content/plugins/elementor/assets/lib/font-awesome/webfonts/fa-brands-400.eot]
[truwellmn.com/wp-content/plugins/elementor/assets/lib/font-awesome/webfonts/fa-brands-400d41d.eot]
[truwellmn.com/wp-content/plugins/elementor/assets/lib/font-awesome/webfonts/fa-brands-400.woff2]
[truwellmn.com/wp-content/plugins/elementor/assets/lib/font-awesome/webfonts/fa-brands-400.woff]
[truwellmn.com/wp-content/plugins/elementor/assets/lib/font-awesome/webfonts/fa-brands-400.ttf]
[truwellmn.com/wp-content/plugins/elementor/assets/lib/font-awesome/webfonts/fa-regular-400.eot]
[truwellmn.com/wp-content/plugins/elementor/assets/lib/font-awesome/webfonts/fa-regular-400d41d.eot]
[truwellmn.com/wp-content/plugins/elementor/assets/lib/font-awesome/webfonts/fa-regular-400.woff2]
[truwellmn.com/wp-content/plugins/elementor/assets/lib/font-awesome/webfonts/fa-regular-400.woff]
[truwellmn.com/wp-content/plugins/elementor/assets/lib/font-awesome/webfonts/fa-regular-400.ttf]
[truwellmn.com/wp-content/plugins/elementor/assets/lib/font-awesome/webfonts/fa-solid-900.eot]
[truwellmn.com/wp-content/plugins/elementor/assets/lib/font-awesome/webfonts/fa-solid-900d41d.eot]
[truwellmn.com/wp-content/plugins/elementor/assets/lib/font-awesome/webfonts/fa-solid-900.woff2]
[truwellmn.com/wp-content/plugins/elementor/assets/lib/font-awesome/webfonts/fa-solid-900.woff]
[truwellmn.com/wp-content/plugins/elementor/assets/lib/font-awesome/webfonts/fa-solid-900.ttf]
[truwellmn.com/wp-content/plugins/elementor/assets/lib/font-awesome/css/all.mina1c3.css]
[truwellmn.com/wp-content/plugins/elementor/assets/lib/font-awesome/css/v4-shims.mina1c3.css]
[truwellmn.com/wp-content/uploads/elementor/css/post-643d1c.css]
[truwellmn.com/wp-content/uploads/elementor/css/post-773d1c.css]
[truwellmn.com/wp-content/plugins/elementskit-lite/modules/elementskit-icon-pack/assets/fonts/elementskit97ac.woff]
[truwellmn.com/wp-content/plugins/elementskit-lite/modules/elementskit-icon-pack/assets/css/ekiticons292d.css]
[truwellmn.com/wp-content/plugins/elementskit-lite/widgets/init/assets/img/arrow.png]
[truwellmn.com/wp-content/plugins/elementskit-lite/widgets/init/assets/img/sort_asc.png]
[truwellmn.com/wp-content/plugins/elementskit-lite/widgets/init/assets/img/sort_desc.png]
[truwellmn.com/wp-content/plugins/elementskit-lite/widgets/init/assets/img/sort_asc_disabled.png]
[truwellmn.com/wp-content/plugins/elementskit-lite/widgets/init/assets/css/widget-styles292d.css]
[truwellmn.com/wp-content/plugins/elementskit-lite/widgets/init/assets/css/responsive292d.css]
[truwellmn.com/wp-content/plugins/elementor/assets/lib/font-awesome/css/fontawesome.min52d5.css]
[truwellmn.com/wp-content/plugins/elementor/assets/lib/font-awesome/css/solid.min52d5.css]
[truwellmn.com/wp-content/plugins/elementor/assets/lib/font-awesome/css/brands.min52d5.css]
[truwellmn.com/wp-includes/wlwmanifest.html]
[truwellmn.com/wp-content/uploads/2022/10/picaboutus2.jpg]
[truwellmn.com/wp-json/wp/v2/pages/100.json]
[truwellmn.com/wp-json/oembed/1.0/embed001a.json]
[truwellmn.com/wp-json/oembed/1.0/embedb28d]
[truwellmn.com/about-us/index.html]
[truwellmn.com/wp-content/uploads/elementor/thumbs/opportunity-housing-psoqm3qtn88g2hw5lf85cyyxw632bw69gub2g0gtxk.jpg]
[truwellmn.com/wp-json/wp/v2/pages/111.json]
[truwellmn.com/wp-json/oembed/1.0/embed5a84.json]
[truwellmn.com/wp-json/oembed/1.0/embed522f]
[truwellmn.com/wp-content/uploads/elementor/thumbs/opportunity-housing-psoqm3qtn88g2hw5lf85cyyxw632bw69gub2g0gupc.jpg]
[truwellmn.com/wp-content/uploads/2022/10/pic7.jpg]
[truwellmn.com/wp-content/uploads/2022/10/pic4.jpg]
[truwellmn.com/services/index.html]
[truwellmn.com/wp-content/uploads/2022/08/opportunity-housing.jpg]
[truwellmn.com/wp-json/wp/v2/pages/344.json]
[truwellmn.com/wp-json/oembed/1.0/embed2f94.json]
[truwellmn.com/wp-json/oembed/1.0/embedd0f1]
[truwellmn.com/housing-stabilization-services/index.html]
[truwellmn.com/wp-content/uploads/2022/07/Untitled-1.png]
[truwellmn.com/wp-json/wp/v2/pages/349.json]
[truwellmn.com/wp-json/oembed/1.0/embededf5.json]
[truwellmn.com/wp-json/oembed/1.0/embed53bc]
[truwellmn.com/home-community-based-services/index.html]
[truwellmn.com/wp-json/wp/v2/pages/121.json]
[truwellmn.com/wp-json/oembed/1.0/embed5172.json]
[truwellmn.com/wp-json/oembed/1.0/embededee]
[truwellmn.com/personal-care-assistance-services/index.html]
[truwellmn.com/wp-json/wp/v2/pages/131.json]
[truwellmn.com/wp-json/oembed/1.0/embed2f52.json]
[truwellmn.com/wp-json/oembed/1.0/embed31e0]
[www.google.com/recaptcha/apib92e.js]
[truwellmn.com/refer-client/index.html]
[truwellmn.com/wp-json/wp/v2/pages/147.json]
[truwellmn.com/wp-json/oembed/1.0/embeda78d.json]
[truwellmn.com/wp-json/oembed/1.0/embede0b2]
[truwellmn.com/contact-us/index.html]
[truwellmn.com/wp-content/plugins/elementor/assets/css/widget-icon-list.min.css]
[truwellmn.com/wp-json/wp/v2/pages/3.json]
[truwellmn.com/privacy-policy/feed/index.html]
[truwellmn.com/wp-json/oembed/1.0/embed5b57.json]
[truwellmn.com/wp-json/oembed/1.0/embed36ae]
[truwellmn.com/privacy-policy/index.html]
[truwellmn.com/wp-content/plugins/elementor/assets/lib/animations/animations.mina1c3.css]
[truwellmn.com/wp-content/plugins/elementor/assets/lib/eicons/fonts/eiconsb732.svg]
[truwellmn.com/wp-content/plugins/elementor/assets/lib/font-awesome/webfonts/fa-brands-400.svg]
[truwellmn.com/wp-content/plugins/elementor/assets/lib/font-awesome/webfonts/fa-regular-400.svg]
[truwellmn.com/wp-content/plugins/elementor/assets/lib/font-awesome/webfonts/fa-solid-900.svg]
[truwellmn.com/wp-content/plugins/elementskit-lite/widgets/init/assets/img/cross-out.svg]
[truwellmn.com/wp-content/uploads/elementor/css/post-1003bd8.css]
[truwellmn.com/index3f5a.html]
[truwellmn.com/about-us/_data_image/svg+xml,_svg xmlns='http_/www.w3.org/2000/svg' preserveAspectRatio='none' overflow='visible' height='100%' viewBox='0 0 20 16' fill='none' stroke='black' stroke-width='1']
[truwellmn.com/wp-content/plugins/elementor/assets/css/widget-icon-box.min.css]
[truwellmn.com/wp-content/uploads/2022/07/Tucson-home-health-care-1.jpg]
[truwellmn.com/about-us/_data_image/svg+xml,_svg xmlns=http_/www.w3.org/2000/svg preserveAspectRatio=none overflow=visible height=100% viewBox=0 0 20 16 fill=none stroke=black stroke-width=1 stroke-linecap=s]
[truwellmn.com/wp-content/uploads/2022/10/Untitled-1-copy.png]
[truwellmn.com/wp-content/uploads/elementor/css/post-111d1d8.css]
[truwellmn.com/indexbbbb.html]
[truwellmn.com/wp-content/uploads/2022/07/Crime-and-Violence-Prevention-in-the-Home-Health-Care-Setting-e1579284062593.jpg]
[truwellmn.com/wp-content/uploads/elementor/css/post-3440692.css]
[truwellmn.com/index6150.html]
[truwellmn.com/housing-stabilization-services/_data_image/svg+xml,_svg xmlns='http_/www.w3.org/2000/svg' preserveAspectRatio='none' overflow='visible' height='100%' viewBox='0 0 20 16' fill='none' stroke='bl]
[truwellmn.com/wp-content/uploads/elementor/css/post-3493c95.css]
[truwellmn.com/index601c.html]
[truwellmn.com/home-community-based-services/_data_image/svg+xml,_svg xmlns='http_/www.w3.org/2000/svg' preserveAspectRatio='none' overflow='visible' height='100%' viewBox='0 0 20 16' fill='none' stroke='bla]
[truwellmn.com/wp-content/uploads/elementor/css/post-121657e.css]
[truwellmn.com/indexe856.html]
[truwellmn.com/personal-care-assistance-services/_data_image/svg+xml,_svg xmlns='http_/www.w3.org/2000/svg' preserveAspectRatio='none' overflow='visible' height='100%' viewBox='0 0 20 16' fill='none' stroke=]
[truwellmn.com/home-community-based-services/_data_image/svg+xml,_svg xmlns=http_/www.w3.org/2000/svg preserveAspectRatio=none overflow=visible height=100% viewBox=0 0 20 16 fill=none stroke=black stroke-wid]
[truwellmn.com/housing-stabilization-services/_data_image/svg+xml,_svg xmlns=http_/www.w3.org/2000/svg preserveAspectRatio=none overflow=visible height=100% viewBox=0 0 20 16 fill=none stroke=black stroke-wi]
[truwellmn.com/wp-content/uploads/elementor/css/post-1311fd7.css]
[truwellmn.com/indexd52d.html]
[truwellmn.com/wp-content/uploads/2022/08/hh3.webp]
[truwellmn.com/wp-content/uploads/elementor/css/post-14743c2.css]
[truwellmn.com/index2fa7.html]
[truwellmn.com/index2207.html]
[truwellmn.com/wp-content/plugins/elementor/assets/mask-shapes/circle.svg]
[truwellmn.com/about-us/_data_image/svg+xml,_svg xmlns=http_/www.w3.org/2000/svg preserveAspectRatio=none overflow=visible height=100% viewBox=0 0 20 16 fill=none stroke=black stroke-width=1 stroke-linecap=s]
[truwellmn.com/housing-stabilization-services/_data_image/svg+xml,_svg xmlns=http_/www.w3.org/2000/svg preserveAspectRatio=none overflow=visible height=100% viewBox=0 0 20 16 fill=none stroke=black stroke-wi]
[truwellmn.com/home-community-based-services/_data_image/svg+xml,_svg xmlns=http_/www.w3.org/2000/svg preserveAspectRatio=none overflow=visible height=100% viewBox=0 0 20 16 fill=none stroke=black stroke-wid]
[truwellmn.com/personal-care-assistance-services/_data_image/svg+xml,_svg xmlns=http_/www.w3.org/2000/svg preserveAspectRatio=none overflow=visible height=100% viewBox=0 0 20 16 fill=none stroke=black stroke]
[truwellmn.com/personal-care-assistance-services/_data_image/svg+xml,_svg xmlns=http_/www.w3.org/2000/svg preserveAspectRatio=none overflow=visible height=100% viewBox=0 0 20 16 fill=none stroke=black stroke]
